// Jest Snapshot v1, https://goo.gl/fbAQLP

exports[`Hello component renders as expected 1`] = `
<h1>
  Hello!
</h1>
`;
